[2026-10-09T13:17:03.336+0000] {taskinstance.py:1956} INFO - Dependencies all met for dep_context=non-requeueable deps ti=<TaskInstance: fx_rates_dag.run_fx_rates_python_script manual__2026-10-09T13:17:00.783644+00:00 [queued]>
[2026-10-09T13:17:03.344+0000] {taskinstance.py:1956} INFO - Dependencies all met for dep_context=requeueable deps ti=<TaskInstance: fx_rates_dag.run_fx_rates_python_script manual__2026-10-09T13:17:00.783644+00:00 [queued]>
[2026-10-09T13:17:03.345+0000] {taskinstance.py:2170} INFO - Starting attempt 1 of 2
[2026-10-09T13:17:03.378+0000] {taskinstance.py:2191} INFO - Executing <Task(BashOperator): run_fx_rates_python_script> on 2026-10-09 13:17:00.783644+00:00
[2026-10-09T13:17:03.383+0000] {standard_task_runner.py:60} INFO - Started process 139 to run task
[2026-10-09T13:17:03.386+0000] {standard_task_runner.py:87} INFO - Running: ['airflow', 'tasks', 'run', 'fx_rates_dag', 'run_fx_rates_python_script', 'manual__2026-10-09T13:17:00.783644+00:00', '--job-id', '11', '--raw', '--subdir', 'DAGS_FOLDER/fx_rates_dag.py', '--cfg-path', '/tmp/tmpli0dfgpn']
[2026-10-09T13:17:03.387+0000] {standard_task_runner.py:88} INFO - Job 11: Subtask run_fx_rates_python_script
[2026-10-09T13:17:03.447+0000] {task_command.py:423} INFO - Running <TaskInstance: fx_rates_dag.run_fx_rates_python_script manual__2026-10-09T13:17:00.783644+00:00 [running]> on host 6cffdf9a2501
[2026-10-09T13:17:03.548+0000] {taskinstance.py:2480} INFO - Exporting env vars: AIRFLOW_CTX_DAG_OWNER='mouda' AIRFLOW_CTX_DAG_ID='fx_rates_dag' AIRFLOW_CTX_TASK_ID='run_fx_rates_python_script' AIRFLOW_CTX_EXECUTION_DATE='2026-10-09T13:17:00.783644+00:00' AIRFLOW_CTX_TRY_NUMBER='1' AIRFLOW_CTX_DAG_RUN_ID='manual__2026-10-09T13:17:00.783644+00:00'
[2026-10-09T13:17:03.549+0000] {subprocess.py:63} INFO - Tmp dir root location: /tmp
[2026-10-09T13:17:03.550+0000] {subprocess.py:75} INFO - Running command: ['/usr/bin/bash', '-c', 'python /opt/airflow/dags/xrate_api_request.py']
[2026-10-09T13:17:03.558+0000] {subprocess.py:86} INFO - Output:
[2026-10-09T13:17:07.666+0000] {subprocess.py:93} INFO - [ERROR] API Request failed: HTTPConnectionPool(host='ratebridge-1', port=8000): Max retries exceeded with url: /v1/rates/2026-10-08 (Caused by NameResolutionError("<urllib3.connection.HTTPConnection object at 0x73caa8617430>: Failed to resolve 'ratebridge-1' ([Errno -5] No address associated with hostname)"))
[2026-10-09T13:17:07.675+0000] {subprocess.py:97} INFO - Command exited with return code 1
[2026-10-09T13:17:07.686+0000] {taskinstance.py:2698} ERROR - Task failed with exception
Traceback (most recent call last):
  File "/home/airflow/.local/lib/python3.10/site-packages/airflow/models/taskinstance.py", line 433, in _execute_task
    result = execute_callable(context=context, **execute_callable_kwargs)
  File "/home/airflow/.local/lib/python3.10/site-packages/airflow/operators/bash.py", line 212, in execute
    raise AirflowException(
airflow.exceptions.AirflowException: Bash command failed. The command returned a non-zero exit code 1.
[2026-10-09T13:17:07.689+0000] {taskinstance.py:1138} INFO - Marking task as UP_FOR_RETRY. dag_id=fx_rates_dag, task_id=run_fx_rates_python_script, execution_date=20261009T131700, start_date=20261009T131703, end_date=20261009T131707
[2026-10-09T13:17:07.724+0000] {standard_task_runner.py:107} ERROR - Failed to execute job 11 for task run_fx_rates_python_script (Bash command failed. The command returned a non-zero exit code 1.; 139)
[2026-10-09T13:17:07.732+0000] {local_task_job_runner.py:234} INFO - Task exited with return code 1
[2026-10-09T13:17:07.745+0000] {taskinstance.py:3280} INFO - 0 downstream tasks scheduled from follow-on schedule check
