[2026-10-09T12:22:43.361+0000] {taskinstance.py:1956} INFO - Dependencies all met for dep_context=non-requeueable deps ti=<TaskInstance: fx_rates_dag.run_fx_rates_python_script manual__2026-10-09T12:22:40.168365+00:00 [queued]>
[2026-10-09T12:22:43.368+0000] {taskinstance.py:1956} INFO - Dependencies all met for dep_context=requeueable deps ti=<TaskInstance: fx_rates_dag.run_fx_rates_python_script manual__2026-10-09T12:22:40.168365+00:00 [queued]>
[2026-10-09T12:22:43.369+0000] {taskinstance.py:2170} INFO - Starting attempt 1 of 2
[2026-10-09T12:22:43.390+0000] {taskinstance.py:2191} INFO - Executing <Task(BashOperator): run_fx_rates_python_script> on 2026-10-09 12:22:40.168365+00:00
[2026-10-09T12:22:43.395+0000] {standard_task_runner.py:60} INFO - Started process 610 to run task
[2026-10-09T12:22:43.397+0000] {standard_task_runner.py:87} INFO - Running: ['airflow', 'tasks', 'run', 'fx_rates_dag', 'run_fx_rates_python_script', 'manual__2026-10-09T12:22:40.168365+00:00', '--job-id', '7', '--raw', '--subdir', 'DAGS_FOLDER/fx_rates_dag.py', '--cfg-path', '/tmp/tmp1gddqr2a']
[2026-10-09T12:22:43.399+0000] {standard_task_runner.py:88} INFO - Job 7: Subtask run_fx_rates_python_script
[2026-10-09T12:22:43.445+0000] {task_command.py:423} INFO - Running <TaskInstance: fx_rates_dag.run_fx_rates_python_script manual__2026-10-09T12:22:40.168365+00:00 [running]> on host 8c57de0c6bf0
[2026-10-09T12:22:43.520+0000] {taskinstance.py:2480} INFO - Exporting env vars: AIRFLOW_CTX_DAG_OWNER='mouda' AIRFLOW_CTX_DAG_ID='fx_rates_dag' AIRFLOW_CTX_TASK_ID='run_fx_rates_python_script' AIRFLOW_CTX_EXECUTION_DATE='2026-10-09T12:22:40.168365+00:00' AIRFLOW_CTX_TRY_NUMBER='1' AIRFLOW_CTX_DAG_RUN_ID='manual__2026-10-09T12:22:40.168365+00:00'
[2026-10-09T12:22:43.521+0000] {subprocess.py:63} INFO - Tmp dir root location: /tmp
[2026-10-09T12:22:43.523+0000] {subprocess.py:75} INFO - Running command: ['/usr/bin/bash', '-c', 'python /opt/airflow/dags/xrate_api_request.py']
[2026-10-09T12:22:43.532+0000] {subprocess.py:86} INFO - Output:
[2026-10-09T12:22:43.557+0000] {subprocess.py:93} INFO -   File "/opt/airflow/dags/xrate_api_request.py", line 11
[2026-10-09T12:22:43.557+0000] {subprocess.py:93} INFO -     url = f"http://ratebridge-sandbox:8000/v1/rates/{(date.today() + timedelta(days=1)).strftime("%Y-%m-%d")}"
[2026-10-09T12:22:43.558+0000] {subprocess.py:93} INFO -                                                                                                   ^
[2026-10-09T12:22:43.558+0000] {subprocess.py:93} INFO - SyntaxError: f-string: unmatched '('
[2026-10-09T12:22:43.559+0000] {subprocess.py:97} INFO - Command exited with return code 1
[2026-10-09T12:22:43.567+0000] {taskinstance.py:2698} ERROR - Task failed with exception
Traceback (most recent call last):
  File "/home/airflow/.local/lib/python3.10/site-packages/airflow/models/taskinstance.py", line 433, in _execute_task
    result = execute_callable(context=context, **execute_callable_kwargs)
  File "/home/airflow/.local/lib/python3.10/site-packages/airflow/operators/bash.py", line 212, in execute
    raise AirflowException(
airflow.exceptions.AirflowException: Bash command failed. The command returned a non-zero exit code 1.
[2026-10-09T12:22:43.569+0000] {taskinstance.py:1138} INFO - Marking task as UP_FOR_RETRY. dag_id=fx_rates_dag, task_id=run_fx_rates_python_script, execution_date=20261009T122240, start_date=20261009T122243, end_date=20261009T122243
[2026-10-09T12:22:43.590+0000] {standard_task_runner.py:107} ERROR - Failed to execute job 7 for task run_fx_rates_python_script (Bash command failed. The command returned a non-zero exit code 1.; 610)
[2026-10-09T12:22:43.611+0000] {local_task_job_runner.py:234} INFO - Task exited with return code 1
[2026-10-09T12:22:43.623+0000] {taskinstance.py:3280} INFO - 0 downstream tasks scheduled from follow-on schedule check
