[2026-10-09T13:14:24.601+0000] {taskinstance.py:1956} INFO - Dependencies all met for dep_context=non-requeueable deps ti=<TaskInstance: fx_rates_dag.run_fx_rates_python_script manual__2026-10-09T13:14:21.146362+00:00 [queued]>
[2026-10-09T13:14:24.608+0000] {taskinstance.py:1956} INFO - Dependencies all met for dep_context=requeueable deps ti=<TaskInstance: fx_rates_dag.run_fx_rates_python_script manual__2026-10-09T13:14:21.146362+00:00 [queued]>
[2026-10-09T13:14:24.609+0000] {taskinstance.py:2170} INFO - Starting attempt 1 of 2
[2026-10-09T13:14:24.642+0000] {taskinstance.py:2191} INFO - Executing <Task(BashOperator): run_fx_rates_python_script> on 2026-10-09 13:14:21.146362+00:00
[2026-10-09T13:14:24.646+0000] {standard_task_runner.py:60} INFO - Started process 115 to run task
[2026-10-09T13:14:24.649+0000] {standard_task_runner.py:87} INFO - Running: ['airflow', 'tasks', 'run', 'fx_rates_dag', 'run_fx_rates_python_script', 'manual__2026-10-09T13:14:21.146362+00:00', '--job-id', '10', '--raw', '--subdir', 'DAGS_FOLDER/fx_rates_dag.py', '--cfg-path', '/tmp/tmp89a93evu']
[2026-10-09T13:14:24.651+0000] {standard_task_runner.py:88} INFO - Job 10: Subtask run_fx_rates_python_script
[2026-10-09T13:14:24.713+0000] {task_command.py:423} INFO - Running <TaskInstance: fx_rates_dag.run_fx_rates_python_script manual__2026-10-09T13:14:21.146362+00:00 [running]> on host 6cffdf9a2501
[2026-10-09T13:14:24.802+0000] {taskinstance.py:2480} INFO - Exporting env vars: AIRFLOW_CTX_DAG_OWNER='mouda' AIRFLOW_CTX_DAG_ID='fx_rates_dag' AIRFLOW_CTX_TASK_ID='run_fx_rates_python_script' AIRFLOW_CTX_EXECUTION_DATE='2026-10-09T13:14:21.146362+00:00' AIRFLOW_CTX_TRY_NUMBER='1' AIRFLOW_CTX_DAG_RUN_ID='manual__2026-10-09T13:14:21.146362+00:00'
[2026-10-09T13:14:24.803+0000] {subprocess.py:63} INFO - Tmp dir root location: /tmp
[2026-10-09T13:14:24.804+0000] {subprocess.py:75} INFO - Running command: ['/usr/bin/bash', '-c', 'python /opt/airflow/dags/xrate_api_request.py']
[2026-10-09T13:14:24.812+0000] {subprocess.py:86} INFO - Output:
[2026-10-09T13:14:28.916+0000] {subprocess.py:93} INFO - [ERROR] API Request failed: HTTPConnectionPool(host='ratebridge-1', port=8000): Max retries exceeded with url: /v1/rates/2026-10-08 (Caused by NameResolutionError("<urllib3.connection.HTTPConnection object at 0x7b5c94fbf430>: Failed to resolve 'ratebridge-1' ([Errno -5] No address associated with hostname)"))
[2026-10-09T13:14:28.926+0000] {subprocess.py:97} INFO - Command exited with return code 1
[2026-10-09T13:14:28.937+0000] {taskinstance.py:2698} ERROR - Task failed with exception
Traceback (most recent call last):
  File "/home/airflow/.local/lib/python3.10/site-packages/airflow/models/taskinstance.py", line 433, in _execute_task
    result = execute_callable(context=context, **execute_callable_kwargs)
  File "/home/airflow/.local/lib/python3.10/site-packages/airflow/operators/bash.py", line 212, in execute
    raise AirflowException(
airflow.exceptions.AirflowException: Bash command failed. The command returned a non-zero exit code 1.
[2026-10-09T13:14:28.940+0000] {taskinstance.py:1138} INFO - Marking task as UP_FOR_RETRY. dag_id=fx_rates_dag, task_id=run_fx_rates_python_script, execution_date=20261009T131421, start_date=20261009T131424, end_date=20261009T131428
[2026-10-09T13:14:28.977+0000] {standard_task_runner.py:107} ERROR - Failed to execute job 10 for task run_fx_rates_python_script (Bash command failed. The command returned a non-zero exit code 1.; 115)
[2026-10-09T13:14:28.993+0000] {local_task_job_runner.py:234} INFO - Task exited with return code 1
[2026-10-09T13:14:29.006+0000] {taskinstance.py:3280} INFO - 0 downstream tasks scheduled from follow-on schedule check
